2016/12/01 - 16:04:08.288 [Error] file test1
2016/12/01 - 16:04:08.288 [Alert] file test2
2016/12/01 - 16:04:08.288 [Alert] file test3
2016/12/01 - 16:04:08.288 [Alert] file test4
